C:\Users\melih\Desktop\eticaret\ETicaret.API\Infrastructure\ETicaretAPI.Persistence\ETicaretAPI.Persistence.csproj : error MSB4025: Proje dosyas─▒ y├╝klenemedi. Root element is missing.

Olu┼şturma BA┼ŞARISIZ OLDU.

C:\Users\melih\Desktop\eticaret\ETicaret.API\Infrastructure\ETicaretAPI.Persistence\ETicaretAPI.Persistence.csproj : error MSB4025: Proje dosyas─▒ y├╝klenemedi. Root element is missing.
    0 Uyar─▒
    1 Hata

Ge├ğen S├╝re 00:00:00.66
